
> biopage-store@0.1.0 build
> next build

  ▲ Next.js 14.2.20
  - Environments: .env

   Creating an optimized production build ...
 ⚠ Compiled with warnings

./src/components/public-page/BioHeader.tsx
Attempted import error: 'Instagram' is not exported from '__barrel_optimize__?names=Github,Instagram,Linkedin,Share2,Twitter,Youtube!=!lucide-react' (imported as 'Instagram').

Import trace for requested module:
./src/components/public-page/BioHeader.tsx

./src/components/public-page/BioHeader.tsx
Attempted import error: 'Twitter' is not exported from '__barrel_optimize__?names=Github,Instagram,Linkedin,Share2,Twitter,Youtube!=!lucide-react' (imported as 'Twitter').

Import trace for requested module:
./src/components/public-page/BioHeader.tsx

./src/components/public-page/BioHeader.tsx
Attempted import error: 'Linkedin' is not exported from '__barrel_optimize__?names=Github,Instagram,Linkedin,Share2,Twitter,Youtube!=!lucide-react' (imported as 'Linkedin').

Import trace for requested module:
./src/components/public-page/BioHeader.tsx

./src/components/public-page/BioHeader.tsx
Attempted import error: 'Github' is not exported from '__barrel_optimize__?names=Github,Instagram,Linkedin,Share2,Twitter,Youtube!=!lucide-react' (imported as 'Github').

Import trace for requested module:
./src/components/public-page/BioHeader.tsx

./src/components/public-page/BioHeader.tsx
Attempted import error: 'Youtube' is not exported from '__barrel_optimize__?names=Github,Instagram,Linkedin,Share2,Twitter,Youtube!=!lucide-react' (imported as 'Youtube').

Import trace for requested module:
./src/components/public-page/BioHeader.tsx

 ⚠ Compiled with warnings

./src/components/public-page/BioHeader.tsx
Attempted import error: 'Instagram' is not exported from '__barrel_optimize__?names=Github,Instagram,Linkedin,Share2,Twitter,Youtube!=!lucide-react' (imported as 'Instagram').

Import trace for requested module:
./src/components/public-page/BioHeader.tsx

./src/components/public-page/BioHeader.tsx
Attempted import error: 'Twitter' is not exported from '__barrel_optimize__?names=Github,Instagram,Linkedin,Share2,Twitter,Youtube!=!lucide-react' (imported as 'Twitter').

Import trace for requested module:
./src/components/public-page/BioHeader.tsx

./src/components/public-page/BioHeader.tsx
Attempted import error: 'Linkedin' is not exported from '__barrel_optimize__?names=Github,Instagram,Linkedin,Share2,Twitter,Youtube!=!lucide-react' (imported as 'Linkedin').

Import trace for requested module:
./src/components/public-page/BioHeader.tsx

./src/components/public-page/BioHeader.tsx
Attempted import error: 'Github' is not exported from '__barrel_optimize__?names=Github,Instagram,Linkedin,Share2,Twitter,Youtube!=!lucide-react' (imported as 'Github').

Import trace for requested module:
./src/components/public-page/BioHeader.tsx

./src/components/public-page/BioHeader.tsx
Attempted import error: 'Youtube' is not exported from '__barrel_optimize__?names=Github,Instagram,Linkedin,Share2,Twitter,Youtube!=!lucide-react' (imported as 'Youtube').

Import trace for requested module:
./src/components/public-page/BioHeader.tsx

 ✓ Compiled successfully
   Linting and checking validity of types ...

Failed to compile.

./src/app/(dashboard)/dashboard/analytics/page.tsx
20:18  Error: 'LineChartIcon' is defined but never used.  @typescript-eslint/no-unused-vars
21:5  Error: 'TrendingUp' is defined but never used.  @typescript-eslint/no-unused-vars
79:86  Error: `'` can be escaped with `&apos;`, `&lsquo;`, `&#39;`, `&rsquo;`.  react/no-unescaped-entities
104:48  Error: Unexpected any. Specify a different type.  @typescript-eslint/no-explicit-any
105:50  Error: Unexpected any. Specify a different type.  @typescript-eslint/no-explicit-any

./src/app/(dashboard)/dashboard/customize/page.tsx
30:59  Error: Unexpected any. Specify a different type.  @typescript-eslint/no-explicit-any
41:29  Error: 'variant' is defined but never used.  @typescript-eslint/no-unused-vars
41:38  Error: 'size' is defined but never used.  @typescript-eslint/no-unused-vars
41:66  Error: Unexpected any. Specify a different type.  @typescript-eslint/no-explicit-any

./src/app/(dashboard)/dashboard/page.tsx
151:59  Error: Unexpected any. Specify a different type.  @typescript-eslint/no-explicit-any

./src/app/(dashboard)/dashboard/products/page.tsx
6:10  Error: 'Button' is defined but never used.  @typescript-eslint/no-unused-vars

./src/app/(dashboard)/dashboard/settings/page.tsx
19:10  Error: 'Badge' is defined but never used.  @typescript-eslint/no-unused-vars

./src/app/(dashboard)/dashboard/subscribers/page.tsx
46:67  Error: Unexpected any. Specify a different type.  @typescript-eslint/no-explicit-any

./src/app/(dashboard)/onboarding/page.tsx
39:51  Error: Unexpected any. Specify a different type.  @typescript-eslint/no-explicit-any

./src/app/access%5BorderId%5D/page.tsx
12:5  Error: 'ShieldCheck' is defined but never used.  @typescript-eslint/no-unused-vars
14:5  Error: 'LayoutGrid' is defined but never used.  @typescript-eslint/no-unused-vars
67:33  Warning: Using `<img>` could result in slower LCP and higher bandwidth. Consider using `<Image />` from `next/image` to automatically optimize images. This may incur additional usage or cost from your provider. See: https://nextjs.org/docs/messages/no-img-element  @next/next/no-img-element
138:65  Error: `'` can be escaped with `&apos;`, `&lsquo;`, `&#39;`, `&rsquo;`.  react/no-unescaped-entities

./src/app/api/ai/price/route.ts
43:41  Error: Unexpected any. Specify a different type.  @typescript-eslint/no-explicit-any

./src/app/api/analytics/track/route.ts
36:19  Error: Unexpected any. Specify a different type.  @typescript-eslint/no-explicit-any

./src/app/api/auth/register/route.ts
33:21  Error: Unexpected any. Specify a different type.  @typescript-eslint/no-explicit-any

./src/app/api/page-settings/route.ts
42:19  Error: Unexpected any. Specify a different type.  @typescript-eslint/no-explicit-any

./src/app/api/products/%5Bid%5D/route.ts
40:19  Error: Unexpected any. Specify a different type.  @typescript-eslint/no-explicit-any
72:19  Error: Unexpected any. Specify a different type.  @typescript-eslint/no-explicit-any
101:19  Error: Unexpected any. Specify a different type.  @typescript-eslint/no-explicit-any

./src/app/api/products/route.ts
39:19  Error: Unexpected any. Specify a different type.  @typescript-eslint/no-explicit-any
45:27  Error: 'req' is defined but never used.  @typescript-eslint/no-unused-vars
60:19  Error: Unexpected any. Specify a different type.  @typescript-eslint/no-explicit-any

./src/app/api/stripe/checkout/route.ts
81:19  Error: Unexpected any. Specify a different type.  @typescript-eslint/no-explicit-any

./src/app/api/stripe/connect/callback/route.ts
30:19  Error: Unexpected any. Specify a different type.  @typescript-eslint/no-explicit-any

./src/app/api/stripe/connect/route.ts
16:15  Error: 'refresh' is assigned a value but never used.  @typescript-eslint/no-unused-vars
57:19  Error: Unexpected any. Specify a different type.  @typescript-eslint/no-explicit-any

./src/app/api/stripe/webhook/route.ts
5:28  Error: 'sendWelcome' is defined but never used.  @typescript-eslint/no-unused-vars
16:19  Error: Unexpected any. Specify a different type.  @typescript-eslint/no-explicit-any
23:50  Error: Unexpected any. Specify a different type.  @typescript-eslint/no-explicit-any
108:55  Error: Unexpected any. Specify a different type.  @typescript-eslint/no-explicit-any
116:43  Error: Unexpected any. Specify a different type.  @typescript-eslint/no-explicit-any
125:53  Error: Unexpected any. Specify a different type.  @typescript-eslint/no-explicit-any

./src/app/api/subscribers/route.ts
62:19  Error: Unexpected any. Specify a different type.  @typescript-eslint/no-explicit-any

./src/app/api/user/check-username/route.ts
18:19  Error: Unexpected any. Specify a different type.  @typescript-eslint/no-explicit-any

./src/app/api/user/onboarding/route.ts
14:38  Error: 'offerings' is assigned a value but never used.  @typescript-eslint/no-unused-vars
63:19  Error: Unexpected any. Specify a different type.  @typescript-eslint/no-explicit-any

./src/app/login/page.tsx
36:27  Error: Unexpected any. Specify a different type.  @typescript-eslint/no-explicit-any
58:22  Error: 'error' is defined but never used.  @typescript-eslint/no-unused-vars

./src/app/page.tsx
8:3  Error: 'Zap' is defined but never used.  @typescript-eslint/no-unused-vars
14:3  Error: 'ChevronRight' is defined but never used.  @typescript-eslint/no-unused-vars
157:19  Error: `"` can be escaped with `&quot;`, `&ldquo;`, `&#34;`, `&rdquo;`.  react/no-unescaped-entities
157:76  Error: `"` can be escaped with `&quot;`, `&ldquo;`, `&#34;`, `&rdquo;`.  react/no-unescaped-entities
220:112  Error: `'` can be escaped with `&apos;`, `&lsquo;`, `&#39;`, `&rsquo;`.  react/no-unescaped-entities

./src/app/[username]/page.tsx
73:42  Error: Unexpected any. Specify a different type.  @typescript-eslint/no-explicit-any
73:69  Error: Unexpected any. Specify a different type.  @typescript-eslint/no-explicit-any
80:42  Error: Unexpected any. Specify a different type.  @typescript-eslint/no-explicit-any
84:64  Error: Unexpected any. Specify a different type.  @typescript-eslint/no-explicit-any
85:59  Error: Unexpected any. Specify a different type.  @typescript-eslint/no-explicit-any
91:51  Error: Unexpected any. Specify a different type.  @typescript-eslint/no-explicit-any
92:59  Error: Unexpected any. Specify a different type.  @typescript-eslint/no-explicit-any
93:63  Error: Unexpected any. Specify a different type.  @typescript-eslint/no-explicit-any
98:45  Error: Unexpected any. Specify a different type.  @typescript-eslint/no-explicit-any
107:81  Error: Unexpected any. Specify a different type.  @typescript-eslint/no-explicit-any
107:108  Error: Unexpected any. Specify a different type.  @typescript-eslint/no-explicit-any
110:69  Error: Unexpected any. Specify a different type.  @typescript-eslint/no-explicit-any
110:96  Error: Unexpected any. Specify a different type.  @typescript-eslint/no-explicit-any
110:127  Error: Unexpected any. Specify a different type.  @typescript-eslint/no-explicit-any
116:49  Error: `"` can be escaped with `&quot;`, `&ldquo;`, `&#34;`, `&rdquo;`.  react/no-unescaped-entities
116:60  Error: `"` can be escaped with `&quot;`, `&ldquo;`, `&#34;`, `&rdquo;`.  react/no-unescaped-entities

./src/components/builder/BlockList.tsx
21:5  Error: 'Eye' is defined but never used.  @typescript-eslint/no-unused-vars
22:5  Error: 'EyeOff' is defined but never used.  @typescript-eslint/no-unused-vars
43:34  Error: Unexpected any. Specify a different type.  @typescript-eslint/no-explicit-any
145:35  Error: Unexpected any. Specify a different type.  @typescript-eslint/no-explicit-any

./src/components/builder/LivePreview.tsx
23:17  Error: Unexpected any. Specify a different type.  @typescript-eslint/no-explicit-any
24:22  Error: Unexpected any. Specify a different type.  @typescript-eslint/no-explicit-any

./src/components/builder/PageBuilder.tsx
6:5  Error: 'Trash2' is defined but never used.  @typescript-eslint/no-unused-vars
7:5  Error: 'Save' is defined but never used.  @typescript-eslint/no-unused-vars
8:5  Error: 'Settings' is defined but never used.  @typescript-eslint/no-unused-vars
10:14  Error: 'ImageIcon' is defined but never used.  @typescript-eslint/no-unused-vars
13:5  Error: 'Zap' is defined but never used.  @typescript-eslint/no-unused-vars
16:5  Error: 'X' is defined but never used.  @typescript-eslint/no-unused-vars
17:5  Error: 'Sparkles' is defined but never used.  @typescript-eslint/no-unused-vars
31:10  Error: 'cn' is defined but never used.  @typescript-eslint/no-unused-vars
40:13  Error: Unexpected any. Specify a different type.  @typescript-eslint/no-explicit-any
41:18  Error: Unexpected any. Specify a different type.  @typescript-eslint/no-explicit-any
75:18  Error: 'err' is defined but never used.  @typescript-eslint/no-unused-vars

./src/components/dashboard/OnboardingFlow.tsx
6:5  Error: 'ChevronRight' is defined but never used.  @typescript-eslint/no-unused-vars
7:5  Error: 'ChevronLeft' is defined but never used.  @typescript-eslint/no-unused-vars
15:5  Error: 'Clock' is defined but never used.  @typescript-eslint/no-unused-vars
18:5  Error: 'LayoutGrid' is defined but never used.  @typescript-eslint/no-unused-vars
21:5  Error: 'Globe' is defined but never used.  @typescript-eslint/no-unused-vars
22:5  Error: 'Upload' is defined but never used.  @typescript-eslint/no-unused-vars
42:50  Error: Unexpected any. Specify a different type.  @typescript-eslint/no-explicit-any
90:18  Error: 'err' is defined but never used.  @typescript-eslint/no-unused-vars
170:32  Error: `'` can be escaped with `&apos;`, `&lsquo;`, `&#39;`, `&rsquo;`.  react/no-unescaped-entities

./src/components/dashboard/PlanSelector.tsx
5:28  Error: 'ShieldCheck' is defined but never used.  @typescript-eslint/no-unused-vars

./src/components/dashboard/RecentOrders.tsx
80:25  Error: Unexpected any. Specify a different type.  @typescript-eslint/no-explicit-any

./src/components/dashboard/RevenueChart.tsx
4:5  Error: 'Line' is defined but never used.  @typescript-eslint/no-unused-vars
5:5  Error: 'LineChart' is defined but never used.  @typescript-eslint/no-unused-vars

./src/components/dashboard/Sidebar.tsx
13:5  Error: 'User' is defined but never used.  @typescript-eslint/no-unused-vars
36:35  Error: Unexpected any. Specify a different type.  @typescript-eslint/no-explicit-any

./src/components/dashboard/StripeConnectCard.tsx
8:10  Error: 'cn' is defined but never used.  @typescript-eslint/no-unused-vars

./src/components/dashboard/ViewsChart.tsx
4:5  Error: 'Line' is defined but never used.  @typescript-eslint/no-unused-vars
5:5  Error: 'LineChart' is defined but never used.  @typescript-eslint/no-unused-vars

./src/components/products/AiButton.tsx
12:14  Error: Unexpected any. Specify a different type.  @typescript-eslint/no-explicit-any
15:21  Error: Unexpected any. Specify a different type.  @typescript-eslint/no-explicit-any
66:18  Error: 'err' is defined but never used.  @typescript-eslint/no-unused-vars

./src/components/products/ProductCard.tsx
11:5  Error: 'Eye' is defined but never used.  @typescript-eslint/no-unused-vars
69:18  Error: 'err' is defined but never used.  @typescript-eslint/no-unused-vars

./src/components/products/ProductForm.tsx
47:5  Error: 'X' is defined but never used.  @typescript-eslint/no-unused-vars
85:19  Error: Unexpected any. Specify a different type.  @typescript-eslint/no-explicit-any
123:18  Error: 'err' is defined but never used.  @typescript-eslint/no-unused-vars
347:58  Error: 'Image' is not defined.  react/jsx-no-undef

./src/components/public-page/BioHeader.tsx
18:22  Error: Unexpected any. Specify a different type.  @typescript-eslint/no-explicit-any
22:35  Error: Unexpected any. Specify a different type.  @typescript-eslint/no-explicit-any

./src/components/public-page/EmailCapture.tsx
8:10  Error: 'cn' is defined but never used.  @typescript-eslint/no-unused-vars
43:18  Error: 'err' is defined but never used.  @typescript-eslint/no-unused-vars
57:84  Error: `'` can be escaped with `&apos;`, `&lsquo;`, `&#39;`, `&rsquo;`.  react/no-unescaped-entities

./src/components/public-page/ProductGrid.tsx
122:49  Error: Unexpected any. Specify a different type.  @typescript-eslint/no-explicit-any

./src/components/public-page/PurchaseModal.tsx
6:5  Error: 'DialogHeader' is defined but never used.  @typescript-eslint/no-unused-vars
7:5  Error: 'DialogTitle' is defined but never used.  @typescript-eslint/no-unused-vars
8:5  Error: 'DialogDescription' is defined but never used.  @typescript-eslint/no-unused-vars
9:5  Error: 'DialogFooter' is defined but never used.  @typescript-eslint/no-unused-vars
19:5  Error: 'ShieldCheck' is defined but never used.  @typescript-eslint/no-unused-vars
20:5  Error: 'CreditCard' is defined but never used.  @typescript-eslint/no-unused-vars
23:5  Error: 'CheckCircle2' is defined but never used.  @typescript-eslint/no-unused-vars
28:23  Error: 'cn' is defined but never used.  @typescript-eslint/no-unused-vars
83:18  Error: 'err' is defined but never used.  @typescript-eslint/no-unused-vars
178:117  Error: `'` can be escaped with `&apos;`, `&lsquo;`, `&#39;`, `&rsquo;`.  react/no-unescaped-entities
178:129  Error: `'` can be escaped with `&apos;`, `&lsquo;`, `&#39;`, `&rsquo;`.  react/no-unescaped-entities

./src/lib/auth.ts
20:43  Error: Unexpected any. Specify a different type.  @typescript-eslint/no-explicit-any
21:39  Error: Unexpected any. Specify a different type.  @typescript-eslint/no-explicit-any
22:49  Error: Unexpected any. Specify a different type.  @typescript-eslint/no-explicit-any
29:34  Error: Unexpected any. Specify a different type.  @typescript-eslint/no-explicit-any
30:34  Error: Unexpected any. Specify a different type.  @typescript-eslint/no-explicit-any
31:34  Error: Unexpected any. Specify a different type.  @typescript-eslint/no-explicit-any

./src/lib/gemini.ts
59:25  Error: Unexpected any. Specify a different type.  @typescript-eslint/no-explicit-any

./src/lib/plan-limits.ts
41:36  Error: Unexpected any. Specify a different type.  @typescript-eslint/no-explicit-any
47:36  Error: Unexpected any. Specify a different type.  @typescript-eslint/no-explicit-any
53:36  Error: Unexpected any. Specify a different type.  @typescript-eslint/no-explicit-any

./src/lib/prisma.ts
8:3  Error: Unexpected var, use let or const instead.  no-var

./src/lib/stripe.ts
8:33  Error: Unexpected any. Specify a different type.  @typescript-eslint/no-explicit-any

info  - Need to disable some ESLint rules? Learn more here: https://nextjs.org/docs/basic-features/eslint#disabling-rules
